source=2025年物流发运总台账.xlsx shape=(12830, 30)
合肥+17.5 rows=4210

--- city==广州 rows=1
单价/车: count=1 min=10480.0 max=10480.0 avg=10480.0 sum=10480.0
总费用(元): count=1 min=52400.0 max=52400.0 avg=52400.0 sum=52400.0
车次: count=1 min=5.0 max=5.0 avg=5.0 sum=5.0
元/瓦: count=1 min=0.0195853072818845 max=0.0195853072818845 avg=0.0195853072818845 sum=0.0195853072818845
      发货日期 始发地 省份 城市                                            地址 要求中标车辆型号  车次       物流公司    单价/车  总费用(元)      元/瓦            询比价编号
2025-04-09  合肥 广东 广州 汤浅蓄电池（顺德）有限公司，顺德区富安一路\n\n联系人：郭佳伟158 523 46105     17.5 5.0 远孚物流集团有限公司 10480.0 52400.0 0.019585 RFX2025040800051

--- city contains 广州 rows=2
单价/车: count=2 min=10148.0 max=10480.0 avg=10314.0 sum=20628.0
总费用(元): count=2 min=10948.0 max=52400.0 avg=31674.0 sum=63348.0
车次: count=2 min=1.0 max=5.0 avg=3.0 sum=6.0
元/瓦: count=2 min=0.0193331920604648 max=0.0195853072818845 avg=0.01945924967117465 sum=0.0389184993423493
      发货日期 始发地 省份  城市                                                      地址 要求中标车辆型号  车次        物流公司    单价/车  总费用(元)      元/瓦            询比价编号
2025-04-09  合肥 广东  广州           汤浅蓄电池（顺德）有限公司，顺德区富安一路\n\n联系人：郭佳伟158 523 46105     17.5 5.0  远孚物流集团有限公司 10480.0 52400.0 0.019585 RFX2025040800051
2025-10-24  合肥 广东 广州市 广东省广州市黄埔区经济技术开发区滨河路一号广州宝洁有限公司(黄埔工厂)-西门  刘先森 17796345834     17.5 1.0 苏州威洋供应链有限公司 10148.0 10948.0 0.019333 RFX2025102300051

--- address contains 广州 rows=3
单价/车: count=3 min=9780.0 max=11347.0 avg=10425.0 sum=31275.0
总费用(元): count=3 min=10948.0 max=19560.0 avg=13951.666666666666 sum=41855.0
车次: count=3 min=1.0 max=2.0 avg=1.3333333333333333 sum=4.0
元/瓦: count=3 min=0.0181 max=0.0375902736367853 avg=0.025007821899083366 sum=0.0750234656972501
      发货日期 始发地 省份  城市                                                      地址 要求中标车辆型号  车次             物流公司    单价/车  总费用(元)      元/瓦            询比价编号
2025-03-19  合肥 广东  清远  石角镇广州(清远)产业转移工业园广州路10-1号   联系人:刘新明    联系电话:18975075370     17.5 2.0      宿迁市昆仑物流有限公司  9780.0 19560.0 0.018100 RFX2025031800083
2025-05-14  合肥 云南 弥勒市                        云南省红河哈尼族彝族自治州弥勒市腻落江服务区（广昆高速广州方向）     17.5 1.0 浙江英赋嘉供应链科技股份有限公司 11347.0 11347.0 0.037590 RFX2025051300060
2025-10-24  合肥 广东 广州市 广东省广州市黄埔区经济技术开发区滨河路一号广州宝洁有限公司(黄埔工厂)-西门  刘先森 17796345834     17.5 1.0      苏州威洋供应链有限公司 10148.0 10948.0 0.019333 RFX2025102300051

--- province广东 rows=196
单价/车: count=196 min=8780.0 max=12880.0 avg=9881.137755102041 sum=1936703.0
总费用(元): count=196 min=5074.0 max=73738.0 avg=13071.357142857143 sum=2561986.0
车次: count=196 min=0.5 max=7.0 avg=1.3112244897959184 sum=257.0
元/瓦: count=196 min=0.0156810035842294 max=0.0234547782563147 avg=0.017534875603625235 sum=3.436835618310546
      发货日期 始发地 省份 城市                                                        地址 要求中标车辆型号  车次          物流公司    单价/车  总费用(元)      元/瓦            询比价编号
2025-01-02  合肥 广东 东莞                       吴小燕  13713025522\n到货地址：东莞市樟木头镇文裕路8号     17.5 1.0  青岛日日顺供应链有限公司 10535.0 10535.0 0.020354 RFX2025010200017
2025-01-10  合肥 广东 河源            广东省河源市连平县三角镇生态工业园中尚实业发展有限公司内b栋 蔡志涛 15220475715     17.5 1.0   宿迁市昆仑物流有限公司 10000.0 10000.0 0.018084 RFX2025010900061
2025-01-15  合肥 广东 河源            广东省河源市连平县三角镇生态工业园中尚实业发展有限公司内b栋 蔡志涛 15220475715     17.5 1.0   宿迁市昆仑物流有限公司 10000.0 10000.0 0.018084 RFX2025010900061
2025-01-15  合肥 广东 惠州    广东省惠州市惠城区仲恺高新区陈江街道惠桥快线2号（惠州赣锋锂电科技有限公司  ）王应龙18829903717     17.5 7.0  青岛日日顺供应链有限公司 10534.0 73738.0 0.019838 RFX2024122100014
2025-01-18  合肥 广东 河源            广东省河源市连平县三角镇生态工业园中尚实业发展有限公司内b栋 蔡志涛 15220475715     17.5 1.0   宿迁市昆仑物流有限公司 10000.0 10000.0 0.018084 RFX2025010900061
2025-01-18  合肥 广东 河源            广东省河源市连平县三角镇生态工业园中尚实业发展有限公司内b栋 蔡志涛 15220475715     17.5 1.0   宿迁市昆仑物流有限公司 10000.0 10000.0 0.018084 RFX2025010900061
2025-01-19  合肥 广东 河源            广东省河源市连平县三角镇生态工业园中尚实业发展有限公司内b栋 蔡志涛 15220475715     17.5 1.0   宿迁市昆仑物流有限公司 10000.0 10000.0 0.018084 RFX2025010900061
2025-03-01  合肥 广东 河源            广东省河源市连平县三角镇生态工业园中尚实业发展有限公司内b栋 蔡志涛 15220475715     17.5 1.0 江苏久鼎供应链管理有限公司  9724.0  9724.0 0.017600 RFX2025022800066
2025-03-01  合肥 广东 河源            广东省河源市连平县三角镇生态工业园中尚实业发展有限公司内b栋 蔡志涛 15220475715     17.5 1.0 江苏久鼎供应链管理有限公司  9724.0  9724.0 0.017600 RFX2025022800066
2025-03-01  合肥 广东 河源            广东省河源市连平县三角镇生态工业园中尚实业发展有限公司内b栋 蔡志涛 15220475715     17.5 1.0 江苏久鼎供应链管理有限公司  9724.0  9724.0 0.017600 RFX2025022800066
2025-03-06  合肥 广东 东莞               广东省东莞市常平镇金塘路5号(东莞市铁石文档科技有限公司)莫秉桦13712606998     17.5 2.0   宿迁市昆仑物流有限公司  9780.0 19560.0 0.018300 RFX2025030500090
2025-03-08  合肥 广东 阳江                  阳江市江城区城东街道随垌村一巷一号\n联系人：毕坦  186 1222 0161     17.5 3.0   宿迁市昆仑物流有限公司 11450.0 34350.0 0.020900 RFX2025030800002
2025-03-14  合肥 广东 佛山    曹柳；15363605518\n到货地址：佛山市三水区西南街道金乐路20号(佛山港中旅华贸国际物流有限公司)     17.5 1.0    苏州晶茂物流有限公司 10725.0 10725.0 0.018300               招标
2025-03-19  合肥 广东 佛山  曹柳；15363605518\n\n到货地址：佛山市三水区西南街道金乐路20号(佛山港中旅华贸国际物流有限公司)     17.5 1.0    苏州晶茂物流有限公司 10725.0 10725.0 0.018300               招标
2025-03-19  合肥 广东 清远    石角镇广州(清远)产业转移工业园广州路10-1号   联系人:刘新明    联系电话:18975075370     17.5 2.0   宿迁市昆仑物流有限公司  9780.0 19560.0 0.018100 RFX2025031800083
2025-03-20  合肥 广东 佛山    曹柳；15363605518\n到货地址：佛山市三水区西南街道金乐路20号(佛山港中旅华贸国际物流有限公司)     17.5 1.0    苏州晶茂物流有限公司 10725.0 10725.0 0.018300               招标
2025-03-21  合肥 广东 佛山    曹柳；15363605518\n到货地址：佛山市三水区西南街道金乐路20号(佛山港中旅华贸国际物流有限公司)     17.5 1.0    苏州晶茂物流有限公司 10725.0 10725.0 0.018300               招标
2025-03-21  合肥 广东 江门 广东省江门市新会区古井镇洲朗村农场围华津金属制品有限公司古井厂区\n\n联系人：区山峻 137 989 84794     17.5 1.0    远孚物流集团有限公司 10290.0 10290.0 0.018600 RFX2025032000076
2025-03-22  合肥 广东 佛山    曹柳；15363605518\n到货地址：佛山市三水区西南街道金乐路20号(佛山港中旅华贸国际物流有限公司)     17.5 1.0    苏州晶茂物流有限公司 10725.0 10725.0 0.018310               招标
2025-03-22  合肥 广东 江门 广东省江门市新会区古井镇洲朗村农场围华津金属制品有限公司古井厂区\n\n联系人：区山峻 137 989 84794     17.5 1.0    远孚物流集团有限公司 10290.0 10290.0 0.018633 RFX2025032000076
2025-03-22  合肥 广东 江门        广东省江门市鹤山市雅瑶镇昆东村村委小江村 123号简易厂房\n联系人:雷路乐 15813872818     17.5 1.0   宿迁市昆仑物流有限公司 10450.0 10450.0 0.020442 RFX2025032000077
2025-03-23  合肥 广东 佛山    曹柳；15363605518\n到货地址：佛山市三水区西南街道金乐路20号(佛山港中旅华贸国际物流有限公司)     17.5 1.0    苏州晶茂物流有限公司 10725.0 10725.0 0.018310               招标
2025-03-23  合肥 广东 江门 广东省江门市新会区古井镇洲朗村农场围华津金属制品有限公司古井厂区\n\n联系人：区山峻 137 989 84794     17.5 1.0    远孚物流集团有限公司 10290.0 10290.0 0.018633 RFX2025032000076
2025-03-24  合肥 广东 佛山    曹柳；15363605518\n到货地址：佛山市三水区西南街道金乐路20号(佛山港中旅华贸国际物流有限公司)     17.5 1.0    苏州晶茂物流有限公司 10725.0 10725.0 0.018310               招标
2025-03-24  合肥 广东 江门 广东省江门市新会区古井镇洲朗村农场围华津金属制品有限公司古井厂区\n\n联系人：区山峻 137 989 84794     17.5 1.0    远孚物流集团有限公司 10290.0 10290.0 0.019422 RFX2025032000076
2025-03-25  合肥 广东 佛山           佛山市三水区西南街道金乐路20号(佛山港中旅华贸国际物流有限公司)曹柳；15363605518     17.5 1.0    苏州晶茂物流有限公司 10725.0 10725.0 0.018310               招标
2025-03-26  合肥 广东 佛山           佛山市三水区西南街道金乐路20号(佛山港中旅华贸国际物流有限公司)曹柳；15363605518     17.5 1.0    苏州晶茂物流有限公司 10725.0 10725.0 0.018310               招标
2025-03-26  合肥 广东 清远         广东省清远市清城区源潭镇中国南部物流枢纽园区创维光伏清远仓储物流基地侯真\n13848818900     17.5 2.0    苏州晶茂物流有限公司 10125.0 20250.0 0.017857               招标
2025-03-27  合肥 广东 佛山           佛山市三水区西南街道金乐路20号(佛山港中旅华贸国际物流有限公司)曹柳；15363605518     17.5 2.0    苏州晶茂物流有限公司 10725.0 21450.0 0.018310               招标
2025-03-27  合肥 广东 清远         广东省清远市清城区源潭镇中国南部物流枢纽园区创维光伏清远仓储物流基地侯真\n13848818900     17.5 2.0    苏州晶茂物流有限公司 10125.0 20250.0 0.017857               招标

--- province广东 city contains 广州 rows=2
单价/车: count=2 min=10148.0 max=10480.0 avg=10314.0 sum=20628.0
总费用(元): count=2 min=10948.0 max=52400.0 avg=31674.0 sum=63348.0
车次: count=2 min=1.0 max=5.0 avg=3.0 sum=6.0
元/瓦: count=2 min=0.0193331920604648 max=0.0195853072818845 avg=0.01945924967117465 sum=0.0389184993423493
      发货日期 始发地 省份  城市                                                      地址 要求中标车辆型号  车次        物流公司    单价/车  总费用(元)      元/瓦            询比价编号
2025-04-09  合肥 广东  广州           汤浅蓄电池（顺德）有限公司，顺德区富安一路\n\n联系人：郭佳伟158 523 46105     17.5 5.0  远孚物流集团有限公司 10480.0 52400.0 0.019585 RFX2025040800051
2025-10-24  合肥 广东 广州市 广东省广州市黄埔区经济技术开发区滨河路一号广州宝洁有限公司(黄埔工厂)-西门  刘先森 17796345834     17.5 1.0 苏州威洋供应链有限公司 10148.0 10948.0 0.019333 RFX2025102300051

--- province广东 address contains 广州 rows=2
单价/车: count=2 min=9780.0 max=10148.0 avg=9964.0 sum=19928.0
总费用(元): count=2 min=10948.0 max=19560.0 avg=15254.0 sum=30508.0
车次: count=2 min=1.0 max=2.0 avg=1.5 sum=3.0
元/瓦: count=2 min=0.0181 max=0.0193331920604648 avg=0.018716596030232402 sum=0.037433192060464804
      发货日期 始发地 省份  城市                                                      地址 要求中标车辆型号  车次        物流公司    单价/车  总费用(元)      元/瓦            询比价编号
2025-03-19  合肥 广东  清远  石角镇广州(清远)产业转移工业园广州路10-1号   联系人:刘新明    联系电话:18975075370     17.5 2.0 宿迁市昆仑物流有限公司  9780.0 19560.0 0.018100 RFX2025031800083
2025-10-24  合肥 广东 广州市 广东省广州市黄埔区经济技术开发区滨河路一号广州宝洁有限公司(黄埔工厂)-西门  刘先森 17796345834     17.5 1.0 苏州威洋供应链有限公司 10148.0 10948.0 0.019333 RFX2025102300051