checked_added_files=53
missing_count=0
mismatch_count=0
same	a8f01a986fbf76cbf60aee30601e8821b19dfc19e815a1ca58dfb7ca88c649f6	ai/outbox/kanban/t_3ca95bf9/diff.patch
same	c6b4d7a5bf8851b3fd61301228ada7127262e4091faeabe4c8869f18bfcddfaf	ai/outbox/kanban/t_3ca95bf9/final-acceptance.md
same	6295b062715d1091be87752a73421929396c3844b758db159177aee8f4209939	ai/outbox/kanban/t_3ca95bf9/m5-inventory-sales-production-shadow-records.jsonl
same	afc423ece4f24c2399af21511dca75a1e52a6839b3471b6a9775ed41c5e7c9fa	ai/outbox/kanban/t_3ca95bf9/m5-inventory-sales-production-shadow-report.md
same	d2cf01fb6ddaa35a849be6eb13b1295179c194bb80fb54b2c69d3ae404a12c49	ai/outbox/kanban/t_3ca95bf9/review-result.json
same	c34ac8b8ce4ccf299a9036e7551228a6c03f529fc10dbf25d34eb9d4e4b02f5d	ai/outbox/kanban/t_3ca95bf9/static-scan.json
same	8582c7b4a9fb6f99d78a3cbc34c1e2ec31d8368b5b1dde0f4abdd1792f4901cd	ai/outbox/kanban/t_3ca95bf9/static-scan.log
same	2bbce52ffc4337e6ab42c69fe0eba47cd38a671650dbcc3fb295d8ccc4aa06a7	ai/outbox/kanban/t_3ca95bf9/test.log
same	b1ddfbfcf2686fb522cd86912ff04fab46fe1aa519435efadc6b1add49354ac1	ai/outbox/kanban/t_4131bbbb/commit-message.txt
same	ca27ad5124d1fd8d901c9509f308af0ed1f0161c8f747da1c79aaca445c512d6	ai/outbox/kanban/t_4131bbbb/diff.patch
same	03822f309ebcc2cb05f12c3ff8d42d3209664d36b4bfc805c836bac10abd46ce	ai/outbox/kanban/t_4131bbbb/final-acceptance.md
same	102e1bb7f53602cd9b245472075f7c4bc63994d4304e5c0ab0315bf1dfb13c5f	ai/outbox/kanban/t_4131bbbb/frontend-tsbuildinfo.diff
same	95126faf3e31e592ce6d0d14d9df2b50730326a3383d928a33d0616e2b5ca6be	ai/outbox/kanban/t_4131bbbb/m5-closeout-report.md
same	6295b062715d1091be87752a73421929396c3844b758db159177aee8f4209939	ai/outbox/kanban/t_4131bbbb/m5-inventory-sales-production-shadow-records.jsonl
same	afc423ece4f24c2399af21511dca75a1e52a6839b3471b6a9775ed41c5e7c9fa	ai/outbox/kanban/t_4131bbbb/m5-inventory-sales-production-shadow-report.md
same	bbc2cc043990e7dfee9945089a10e16d9616398fa508168a0f8ba3190c0cac5e	ai/outbox/kanban/t_4131bbbb/review-bundle.md
same	9810381b43a6c300131389355405a60b958d472f08ea31105cb37e338c306040	ai/outbox/kanban/t_4131bbbb/review-result.json
same	8b6153e520ddc220b0738916a61177e731c9f7a74cbf34b114f02477b13548e4	ai/outbox/kanban/t_4131bbbb/static-scan.json
same	ec9222a66486f89c6be7842357c68a2df75b339107ed893c11407a791f1eabe7	ai/outbox/kanban/t_4131bbbb/static-scan.log
same	8f3ad5b1a403215aa60bab24ab3e4d2d32d0191ddeda0906c36dd22af8266689	ai/outbox/kanban/t_4131bbbb/submission-checklist.md
same	3dd6eaedee9edd2e0a7fedfdb6aa9ff0d93396cedd2e5257f8a700da394c957d	ai/outbox/kanban/t_4131bbbb/test.log
same	c8e462c4924c9a4c07c7d732158cff543ef1afbe4686c14fc2625d6b720e90ff	ai/outbox/kanban/t_45ab3a93/diff.patch
same	1f1eead92586bcbb390e692dd01f4cb99012df534b663aabea1d5d6c2ef711ca	ai/outbox/kanban/t_45ab3a93/final-acceptance.md
same	7fdc8937378e811e897b130cdb19339ea21a6ca55b8cbbfff87b581365a90789	ai/outbox/kanban/t_45ab3a93/git-status.txt
same	6295b062715d1091be87752a73421929396c3844b758db159177aee8f4209939	ai/outbox/kanban/t_45ab3a93/m5-inventory-sales-production-shadow-records.jsonl
same	afc423ece4f24c2399af21511dca75a1e52a6839b3471b6a9775ed41c5e7c9fa	ai/outbox/kanban/t_45ab3a93/m5-inventory-sales-production-shadow-report.md
same	28d5bed193702f0932fe307232c4a5a348c820bd75b3f489c9c34558862e42d7	ai/outbox/kanban/t_45ab3a93/review-bundle.md
same	d06ac61808c3e12ec969311d66b434bf2231523635424fb609cd1f0e7339a258	ai/outbox/kanban/t_45ab3a93/review-result.json
same	b65dac18494ffdb07f5b8c8904cbdc0ad660595f617cf57247ef20b7e600d44e	ai/outbox/kanban/t_45ab3a93/static-scan.json
same	b576a60763f8d1327a202a80d167ee395578fdfa2ab639f59bfe415275f5d047	ai/outbox/kanban/t_45ab3a93/static-scan.log
same	edb7e8c9d54fff69e61ad68b0437e453aadcaec37f559c11a7d9067fa5466edc	ai/outbox/kanban/t_45ab3a93/test.log
same	ecc1d174bf771af0b48677055ff1ccacb053b25a668179a447815bdf7b6715c4	ai/outbox/kanban/t_4b4fca31/diff.patch
same	1038a989fabf4250b35e5267f37d2a9975009311761a64931d389431fec334b1	ai/outbox/kanban/t_4b4fca31/final-acceptance.md
same	a41c7ad8df28afc27557733b157a07f155b217364188e3213c88288f59961a25	ai/outbox/kanban/t_4b4fca31/m5-6-precheck.md
same	c115ca3f888a38b9055a22017167f35677f1186377371296602dd23e2c17fc2b	ai/outbox/kanban/t_4b4fca31/m5-inventory-sales-production-shadow-records.jsonl
same	9ffdb40e070196fd0e5daf6f61c38669323405b934582721299218e5ef97d876	ai/outbox/kanban/t_4b4fca31/m5-inventory-sales-production-shadow-report.md
same	18038a74fb57fc51431029553ca161e5590723d7e0cbf210aa579f1d0e9d0344	ai/outbox/kanban/t_4b4fca31/review-result.json
same	a67336f16de075bc7d6a53cc3dd330958dd483fb6fd6f8f1bdee68823422e5dc	ai/outbox/kanban/t_4b4fca31/review_bundle.md
same	39bd390c64d7e3b41d8f1d791e46d6345f6ce606d8984dd21b558f4ccef8b354	ai/outbox/kanban/t_4b4fca31/test.log
same	5c63cc67b8e330d3bd78f81afeca23ce83a89c3466f24319cdcdf8316a875b4b	ai/outbox/kanban/t_c7c1f8de/diff-check.log
same	ad82bace7f2e334268be2978f03e5483f7505614055317c9174f34410ca16bd0	ai/outbox/kanban/t_c7c1f8de/diff.patch
same	42845291dded7c291c98177908f9a8e07f0a14574a08d7a8428ac0cc46cee056	ai/outbox/kanban/t_c7c1f8de/final-acceptance.md
same	87b5aac7768b20819b2c119cd8e21b6d04155f8f06f4499beec307132e4d8dda	ai/outbox/kanban/t_c7c1f8de/git_status.txt
same	289150cd9f6cdb2e90501eac29a4926f91fb1ccede53d8044354992ad3a2798c	ai/outbox/kanban/t_c7c1f8de/review-result.json
same	5626f3341434a7148815d4be9f6e106efe3b2558aa82aacecb8c2c974ede91cb	ai/outbox/kanban/t_c7c1f8de/review_bundle.md
same	364777871c4b089645c973c08c260c1b1f7344f023ca92de6014fbd216d0a956	ai/outbox/kanban/t_c7c1f8de/static-scan.json
same	220c438af1c6e7c11f015833a0f254d2922bb5e18e0a437a50a08c79458808de	ai/outbox/kanban/t_c7c1f8de/static-scan.log
same	45bf4e8ab5f44f809043d7d9d48dceb818250506e05ab8bc08a32f5ec3a77a31	ai/outbox/kanban/t_c7c1f8de/test.log
same	749c71b4a10796d1e1ebf089f3fd9e88e57dda205a7aa2361bf64f0b99bf505f	backend/app/domains/business_analysis/services/inventory_sales_production/m5_shadow_compare.py
same	7705d19e78e1e4ea41c0e26d58b6d9b51c1d178233cae3cf431d6a6235effccf	backend/app/domains/business_analysis/services/inventory_sales_production/sql_plan.py
same	3a1800dcdc42b7d35b1b4393bc3ab9c668470cd6ef99d56ebe8269a30d1b08da	scripts/dev/run_inventory_sales_production_m5_shadow_compare.py
same	60d59651ea1f4c258a161f8dfc3592ecec7ec3be94c14c05a64f3bf13722e2d9	tests/unit/business_analysis/test_inventory_sales_production_m5_shadow_compare.py
same	eedd7de8e412e9724b372c4a633ea0f32abd73b6f55b839703519ce5d208dcf6	tests/unit/business_analysis/test_inventory_sales_production_sql_plan.py
